// Jest Snapshot v1, https://goo.gl/fbAQLP

exports[`math/Color can spread into an array 1`] = `
Array [
  1,
  1,
  1,
]
`;
