// Jest Snapshot v1, https://goo.gl/fbAQLP

exports[`math/Quaternion can be set from a Euler 1`] = `
Array [
  0,
  0.7071067690849304,
  0,
  0.7071067690849304,
]
`;
