// Jest Snapshot v1, https://goo.gl/fbAQLP

exports[`math/Vector2 can spread into an array 1`] = `
Array [
  0,
  0,
]
`;
