// Jest Snapshot v1, https://goo.gl/fbAQLP

exports[`core/Renderer can sort a list of meshes by visibility 1`] = `
Array [
  0.9074073433876038,
  -0.21900224685668945,
  0.35867804288864136,
  0,
  0.35867804288864136,
  0.848353385925293,
  -0.389418363571167,
  0,
  -0.21900224685668945,
  0.48201102018356323,
  0.848353385925293,
  -0,
  -0.9677566885948181,
  -2.9237375259399414,
  -2.124901533126831,
  1,
]
`;
