// Vitest Snapshot v1

exports[`core/Object3D > can lookAt a Vector3 or set of points 1`] = `
[
  -0.9486832980505138,
  0,
  0.3162277660168379,
  0,
  -0.1690308509457033,
  0.8451542547285167,
  -0.50709255283711,
  0,
  -0.2672612419124244,
  -0.5345224838248488,
  -0.8017837257372733,
  0,
  0,
  0,
  0,
  1,
]
`;

exports[`core/Object3D > can recursively update local and world matrices 1`] = `
[
  0.907407339913264,
  0.3586780454497614,
  -0.2190022355682085,
  0,
  -0.21900223556820858,
  0.8483533546735827,
  0.4820110023953864,
  0,
  0.35867804544976134,
  -0.38941834230865047,
  0.8483533546735827,
  0,
  1,
  2,
  3,
  1,
]
`;

exports[`core/Object3D > can recursively update local and world matrices 2`] = `
[
  0.9735159217885553,
  -0.10646485553864826,
  0.20231654544133112,
  0,
  0.07703507432177453,
  0.9859586337159973,
  0.14815927215372876,
  0,
  -0.21524950022803332,
  -0.12864994028766108,
  0.9680479562064903,
  0,
  4.709972943747246,
  7.506283690823356,
  8.685978495866959,
  1,
]
`;
