// Vitest Snapshot v1

exports[`cameras/OrthgraphicCamera > can calculate an orthogonal projection matrix 1`] = `
[
  1,
  0,
  0,
  0,
  0,
  1,
  0,
  0,
  0,
  0,
  -0.0020002000965178013,
  0,
  -0,
  -0,
  -1.0002000331878662,
  1,
]
`;
