// Vitest Snapshot v1

exports[`cameras/PerspectiveCamera > can calculate a perspective projection matrix 1`] = `
[
  Infinity,
  0,
  0,
  0,
  0,
  1.3032253980636597,
  0,
  0,
  0,
  0,
  -1.0002000331878662,
  -1,
  0,
  0,
  -0.20002000033855438,
  0,
]
`;
